// Jest Snapshot v1, https://goo.gl/fbAQLP

exports[`ホームページ 1`] = `
<div>
  <div
    class="css-u6v8er"
  />
</div>
`;
